Archive member included because of file (symbol)

c:/program files (x86)/atmel/studio/7.0/toolchain/arm/arm-gnu-toolchain/bin/../lib/gcc/arm-none-eabi/4.9.3/../../../../arm-none-eabi/lib/cortex-m7\libc.a(lib_a-exit.o)
                              c:/program files (x86)/atmel/studio/7.0/toolchain/arm/arm-gnu-toolchain/bin/../lib/gcc/arm-none-eabi/4.9.3/../../../../arm-none-eabi/lib/cortex-m7/crt0.o (exit)
c:/program files (x86)/atmel/studio/7.0/toolchain/arm/arm-gnu-toolchain/bin/../lib/gcc/arm-none-eabi/4.9.3/../../../../arm-none-eabi/lib/cortex-m7\libc.a(lib_a-impure.o)
                              c:/program files (x86)/atmel/studio/7.0/toolchain/arm/arm-gnu-toolchain/bin/../lib/gcc/arm-none-eabi/4.9.3/../../../../arm-none-eabi/lib/cortex-m7\libc.a(lib_a-exit.o) (_global_impure_ptr)
c:/program files (x86)/atmel/studio/7.0/toolchain/arm/arm-gnu-toolchain/bin/../lib/gcc/arm-none-eabi/4.9.3/../../../../arm-none-eabi/lib/cortex-m7\libc.a(lib_a-init.o)
                              c:/program files (x86)/atmel/studio/7.0/toolchain/arm/arm-gnu-toolchain/bin/../lib/gcc/arm-none-eabi/4.9.3/../../../../arm-none-eabi/lib/cortex-m7/crt0.o (__libc_init_array)
c:/program files (x86)/atmel/studio/7.0/toolchain/arm/arm-gnu-toolchain/bin/../lib/gcc/arm-none-eabi/4.9.3/../../../../arm-none-eabi/lib/cortex-m7\libc.a(lib_a-memset.o)
                              c:/program files (x86)/atmel/studio/7.0/toolchain/arm/arm-gnu-toolchain/bin/../lib/gcc/arm-none-eabi/4.9.3/../../../../arm-none-eabi/lib/cortex-m7/crt0.o (memset)
c:/program files (x86)/atmel/studio/7.0/toolchain/arm/arm-gnu-toolchain/bin/../lib/gcc/arm-none-eabi/4.9.3/../../../../arm-none-eabi/lib/cortex-m7\libc.a(lib_a-__call_atexit.o)
                              c:/program files (x86)/atmel/studio/7.0/toolchain/arm/arm-gnu-toolchain/bin/../lib/gcc/arm-none-eabi/4.9.3/../../../../arm-none-eabi/lib/cortex-m7\libc.a(lib_a-exit.o) (__call_exitprocs)
c:/program files (x86)/atmel/studio/7.0/toolchain/arm/arm-gnu-toolchain/bin/../lib/gcc/arm-none-eabi/4.9.3/../../../../arm-none-eabi/lib/cortex-m7\libc.a(lib_a-atexit.o)
                              c:/program files (x86)/atmel/studio/7.0/toolchain/arm/arm-gnu-toolchain/bin/../lib/gcc/arm-none-eabi/4.9.3/../../../../arm-none-eabi/lib/cortex-m7\libc.a(lib_a-__call_atexit.o) (atexit)
c:/program files (x86)/atmel/studio/7.0/toolchain/arm/arm-gnu-toolchain/bin/../lib/gcc/arm-none-eabi/4.9.3/../../../../arm-none-eabi/lib/cortex-m7\libc.a(lib_a-fini.o)
                              c:/program files (x86)/atmel/studio/7.0/toolchain/arm/arm-gnu-toolchain/bin/../lib/gcc/arm-none-eabi/4.9.3/../../../../arm-none-eabi/lib/cortex-m7\libc.a(lib_a-__call_atexit.o) (__libc_fini_array)
c:/program files (x86)/atmel/studio/7.0/toolchain/arm/arm-gnu-toolchain/bin/../lib/gcc/arm-none-eabi/4.9.3/../../../../arm-none-eabi/lib/cortex-m7\libc.a(lib_a-__atexit.o)
                              c:/program files (x86)/atmel/studio/7.0/toolchain/arm/arm-gnu-toolchain/bin/../lib/gcc/arm-none-eabi/4.9.3/../../../../arm-none-eabi/lib/cortex-m7\libc.a(lib_a-atexit.o) (__register_exitproc)

Discarded input sections

 .text          0x00000000        0x0 c:/program files (x86)/atmel/studio/7.0/toolchain/arm/arm-gnu-toolchain/bin/../lib/gcc/arm-none-eabi/4.9.3/cortex-m7/crti.o
 .data          0x00000000        0x0 c:/program files (x86)/atmel/studio/7.0/toolchain/arm/arm-gnu-toolchain/bin/../lib/gcc/arm-none-eabi/4.9.3/cortex-m7/crti.o
 .bss           0x00000000        0x0 c:/program files (x86)/atmel/studio/7.0/toolchain/arm/arm-gnu-toolchain/bin/../lib/gcc/arm-none-eabi/4.9.3/cortex-m7/crti.o
 .data          0x00000000        0x4 c:/program files (x86)/atmel/studio/7.0/toolchain/arm/arm-gnu-toolchain/bin/../lib/gcc/arm-none-eabi/4.9.3/cortex-m7/crtbegin.o
 .text          0x00000000       0x74 c:/program files (x86)/atmel/studio/7.0/toolchain/arm/arm-gnu-toolchain/bin/../lib/gcc/arm-none-eabi/4.9.3/../../../../arm-none-eabi/lib/cortex-m7/crt0.o
 .data          0x00000000        0x0 c:/program files (x86)/atmel/studio/7.0/toolchain/arm/arm-gnu-toolchain/bin/../lib/gcc/arm-none-eabi/4.9.3/../../../../arm-none-eabi/lib/cortex-m7/crt0.o
 .bss           0x00000000        0x0 c:/program files (x86)/atmel/studio/7.0/toolchain/arm/arm-gnu-toolchain/bin/../lib/gcc/arm-none-eabi/4.9.3/../../../../arm-none-eabi/lib/cortex-m7/crt0.o
 .ARM.extab     0x00000000        0x0 c:/program files (x86)/atmel/studio/7.0/toolchain/arm/arm-gnu-toolchain/bin/../lib/gcc/arm-none-eabi/4.9.3/../../../../arm-none-eabi/lib/cortex-m7/crt0.o
 .ARM.exidx     0x00000000        0x8 c:/program files (x86)/atmel/studio/7.0/toolchain/arm/arm-gnu-toolchain/bin/../lib/gcc/arm-none-eabi/4.9.3/../../../../arm-none-eabi/lib/cortex-m7/crt0.o
 .ARM.attributes
                0x00000000       0x21 c:/program files (x86)/atmel/studio/7.0/toolchain/arm/arm-gnu-toolchain/bin/../lib/gcc/arm-none-eabi/4.9.3/../../../../arm-none-eabi/lib/cortex-m7/crt0.o
 .group         0x00000000        0x8 Device_Startup/startup_same70.o
 .group         0x00000000        0x8 Device_Startup/startup_same70.o
 .group         0x00000000        0x8 Device_Startup/startup_same70.o
 .group         0x00000000        0x8 Device_Startup/startup_same70.o
 .group         0x00000000        0x8 Device_Startup/startup_same70.o
 .group         0x00000000        0x8 Device_Startup/startup_same70.o
 .group         0x00000000        0x8 Device_Startup/startup_same70.o
 .group         0x00000000        0x8 Device_Startup/startup_same70.o
 .group         0x00000000        0x8 Device_Startup/startup_same70.o
 .group         0x00000000        0x8 Device_Startup/startup_same70.o
 .group         0x00000000        0x8 Device_Startup/startup_same70.o
 .group         0x00000000        0x8 Device_Startup/startup_same70.o
 .group         0x00000000        0x8 Device_Startup/startup_same70.o
 .group         0x00000000        0x8 Device_Startup/startup_same70.o
 .group         0x00000000        0x8 Device_Startup/startup_same70.o
 .group         0x00000000        0x8 Device_Startup/startup_same70.o
 .group         0x00000000        0x8 Device_Startup/startup_same70.o
 .group         0x00000000        0x8 Device_Startup/startup_same70.o
 .group         0x00000000        0x8 Device_Startup/startup_same70.o
 .group         0x00000000        0x8 Device_Startup/startup_same70.o
 .group         0x00000000        0x8 Device_Startup/startup_same70.o
 .group         0x00000000        0x8 Device_Startup/startup_same70.o
 .group         0x00000000        0x8 Device_Startup/startup_same70.o
 .group         0x00000000        0x8 Device_Startup/startup_same70.o
 .group         0x00000000        0x8 Device_Startup/startup_same70.o
 .group         0x00000000        0x8 Device_Startup/startup_same70.o
 .group         0x00000000        0x8 Device_Startup/startup_same70.o
 .group         0x00000000        0x8 Device_Startup/startup_same70.o
 .group         0x00000000        0x8 Device_Startup/startup_same70.o
 .group         0x00000000        0x8 Device_Startup/startup_same70.o
 .group         0x00000000        0x8 Device_Startup/startup_same70.o
 .group         0x00000000        0x8 Device_Startup/startup_same70.o
 .group         0x00000000        0x8 Device_Startup/startup_same70.o
 .group         0x00000000        0x8 Device_Startup/startup_same70.o
 .group         0x00000000        0x8 Device_Startup/startup_same70.o
 .group         0x00000000        0x8 Device_Startup/startup_same70.o
 .group         0x00000000        0x8 Device_Startup/startup_same70.o
 .group         0x00000000        0x8 Device_Startup/startup_same70.o
 .group         0x00000000        0x8 Device_Startup/startup_same70.o
 .group         0x00000000        0x8 Device_Startup/startup_same70.o
 .group         0x00000000        0x8 Device_Startup/startup_same70.o
 .group         0x00000000        0x8 Device_Startup/startup_same70.o
 .group         0x00000000        0x8 Device_Startup/startup_same70.o
 .group         0x00000000        0x8 Device_Startup/startup_same70.o
 .group         0x00000000        0x8 Device_Startup/startup_same70.o
 .group         0x00000000        0x8 Device_Startup/startup_same70.o
 .group         0x00000000        0x8 Device_Startup/startup_same70.o
 .group         0x00000000        0x8 Device_Startup/startup_same70.o
 .group         0x00000000        0x8 Device_Startup/startup_same70.o
 .group         0x00000000        0x8 Device_Startup/startup_same70.o
 .group         0x00000000        0x8 Device_Startup/startup_same70.o
 .group         0x00000000        0x8 Device_Startup/startup_same70.o
 .group         0x00000000        0x8 Device_Startup/startup_same70.o
 .group         0x00000000        0x8 Device_Startup/startup_same70.o
 .group         0x00000000        0x8 Device_Startup/startup_same70.o
 .group         0x00000000        0x8 Device_Startup/startup_same70.o
 .group         0x00000000        0x8 Device_Startup/startup_same70.o
 .group         0x00000000        0x8 Device_Startup/startup_same70.o
 .group         0x00000000        0x8 Device_Startup/startup_same70.o
 .group         0x00000000        0x8 Device_Startup/startup_same70.o
 .group         0x00000000        0x8 Device_Startup/startup_same70.o
 .group         0x00000000        0x8 Device_Startup/startup_same70.o
 .group         0x00000000        0x8 Device_Startup/startup_same70.o
 .group         0x00000000        0x8 Device_Startup/startup_same70.o
 .group         0x00000000        0x8 Device_Startup/startup_same70.o
 .group         0x00000000        0x8 Device_Startup/startup_same70.o
 .group         0x00000000        0x8 Device_Startup/startup_same70.o
 .group         0x00000000        0x8 Device_Startup/startup_same70.o
 .group         0x00000000        0x8 Device_Startup/startup_same70.o
 .group         0x00000000        0x8 Device_Startup/startup_same70.o
 .group         0x00000000        0x8 Device_Startup/startup_same70.o
 .group         0x00000000        0x8 Device_Startup/startup_same70.o
 .group         0x00000000        0x8 Device_Startup/startup_same70.o
 .group         0x00000000        0x8 Device_Startup/startup_same70.o
 .group         0x00000000        0x8 Device_Startup/startup_same70.o
 .group         0x00000000        0x8 Device_Startup/startup_same70.o
 .group         0x00000000        0x8 Device_Startup/startup_same70.o
 .group         0x00000000        0x8 Device_Startup/startup_same70.o
 .group         0x00000000        0x8 Device_Startup/startup_same70.o
 .group         0x00000000        0x8 Device_Startup/startup_same70.o
 .group         0x00000000        0x8 Device_Startup/startup_same70.o
 .group         0x00000000        0x8 Device_Startup/startup_same70.o
 .group         0x00000000        0x8 Device_Startup/startup_same70.o
 .group         0x00000000        0x8 Device_Startup/startup_same70.o
 .group         0x00000000        0x8 Device_Startup/startup_same70.o
 .group         0x00000000        0x8 Device_Startup/startup_same70.o
 .group         0x00000000        0x8 Device_Startup/startup_same70.o
 .group         0x00000000        0x8 Device_Startup/startup_same70.o
 .group         0x00000000        0x8 Device_Startup/startup_same70.o
 .group         0x00000000        0x8 Device_Startup/startup_same70.o
 .group         0x00000000        0x8 Device_Startup/startup_same70.o
 .group         0x00000000        0x8 Device_Startup/startup_same70.o
 .group         0x00000000        0x8 Device_Startup/startup_same70.o
 .group         0x00000000        0x8 Device_Startup/startup_same70.o
 .group         0x00000000        0x8 Device_Startup/startup_same70.o
 .group         0x00000000        0x8 Device_Startup/startup_same70.o
 .group         0x00000000        0x8 Device_Startup/startup_same70.o
 .group         0x00000000        0x8 Device_Startup/startup_same70.o
 .group         0x00000000        0x8 Device_Startup/startup_same70.o
 .group         0x00000000        0x8 Device_Startup/startup_same70.o
 .group         0x00000000        0x8 Device_Startup/startup_same70.o
 .group         0x00000000        0x8 Device_Startup/startup_same70.o
 .group         0x00000000        0x8 Device_Startup/startup_same70.o
 .text          0x00000000        0x0 Device_Startup/startup_same70.o
 .data          0x00000000        0x0 Device_Startup/startup_same70.o
 .bss           0x00000000        0x0 Device_Startup/startup_same70.o
 .group         0x00000000        0x8 Device_Startup/system_same70.o
 .group         0x00000000        0x8 Device_Startup/system_same70.o
 .group         0x00000000        0x8 Device_Startup/system_same70.o
 .group         0x00000000        0x8 Device_Startup/system_same70.o
 .group         0x00000000        0x8 Device_Startup/system_same70.o
 .group         0x00000000        0x8 Device_Startup/system_same70.o
 .group         0x00000000        0x8 Device_Startup/system_same70.o
 .group         0x00000000        0x8 Device_Startup/system_same70.o
 .group         0x00000000        0x8 Device_Startup/system_same70.o
 .group         0x00000000        0x8 Device_Startup/system_same70.o
 .group         0x00000000        0x8 Device_Startup/system_same70.o
 .group         0x00000000        0x8 Device_Startup/system_same70.o
 .group         0x00000000        0x8 Device_Startup/system_same70.o
 .group         0x00000000        0x8 Device_Startup/system_same70.o
 .group         0x00000000        0x8 Device_Startup/system_same70.o
 .group         0x00000000        0x8 Device_Startup/system_same70.o
 .group         0x00000000        0x8 Device_Startup/system_same70.o
 .group         0x00000000        0x8 Device_Startup/system_same70.o
 .group         0x00000000        0x8 Device_Startup/system_same70.o
 .group         0x00000000        0x8 Device_Startup/system_same70.o
 .group         0x00000000        0x8 Device_Startup/system_same70.o
 .group         0x00000000        0x8 Device_Startup/system_same70.o
 .group         0x00000000        0x8 Device_Startup/system_same70.o
 .group         0x00000000        0x8 Device_Startup/system_same70.o
 .group         0x00000000        0x8 Device_Startup/system_same70.o
 .group         0x00000000        0x8 Device_Startup/system_same70.o
 .group         0x00000000        0x8 Device_Startup/system_same70.o
 .group         0x00000000        0x8 Device_Startup/system_same70.o
 .group         0x00000000        0x8 Device_Startup/system_same70.o
 .group         0x00000000        0x8 Device_Startup/system_same70.o
 .group         0x00000000        0x8 Device_Startup/system_same70.o
 .group         0x00000000        0x8 Device_Startup/system_same70.o
 .group         0x00000000        0x8 Device_Startup/system_same70.o
 .group         0x00000000        0x8 Device_Startup/system_same70.o
 .group         0x00000000        0x8 Device_Startup/system_same70.o
 .group         0x00000000        0x8 Device_Startup/system_same70.o
 .group         0x00000000        0x8 Device_Startup/system_same70.o
 .group         0x00000000        0x8 Device_Startup/system_same70.o
 .group         0x00000000        0x8 Device_Startup/system_same70.o
 .group         0x00000000        0x8 Device_Startup/system_same70.o
 .group         0x00000000        0x8 Device_Startup/system_same70.o
 .group         0x00000000        0x8 Device_Startup/system_same70.o
 .group         0x00000000        0x8 Device_Startup/system_same70.o
 .group         0x00000000        0x8 Device_Startup/system_same70.o
 .group         0x00000000        0x8 Device_Startup/system_same70.o
 .group         0x00000000        0x8 Device_Startup/system_same70.o
 .group         0x00000000        0x8 Device_Startup/system_same70.o
 .group         0x00000000        0x8 Device_Startup/system_same70.o
 .group         0x00000000        0x8 Device_Startup/system_same70.o
 .group         0x00000000        0x8 Device_Startup/system_same70.o
 .group         0x00000000        0x8 Device_Startup/system_same70.o
 .group         0x00000000        0x8 Device_Startup/system_same70.o
 .group         0x00000000        0x8 Device_Startup/system_same70.o
 .group         0x00000000        0x8 Device_Startup/system_same70.o
 .group         0x00000000        0x8 Device_Startup/system_same70.o
 .group         0x00000000        0x8 Device_Startup/system_same70.o
 .group         0x00000000        0x8 Device_Startup/system_same70.o
 .group         0x00000000        0x8 Device_Startup/system_same70.o
 .group         0x00000000        0x8 Device_Startup/system_same70.o
 .group         0x00000000        0x8 Device_Startup/system_same70.o
 .group         0x00000000        0x8 Device_Startup/system_same70.o
 .group         0x00000000        0x8 Device_Startup/system_same70.o
 .group         0x00000000        0x8 Device_Startup/system_same70.o
 .group         0x00000000        0x8 Device_Startup/system_same70.o
 .group         0x00000000        0x8 Device_Startup/system_same70.o
 .group         0x00000000        0x8 Device_Startup/system_same70.o
 .group         0x00000000        0x8 Device_Startup/system_same70.o
 .group         0x00000000        0x8 Device_Startup/system_same70.o
 .group         0x00000000        0x8 Device_Startup/system_same70.o
 .group         0x00000000        0x8 Device_Startup/system_same70.o
 .group         0x00000000        0x8 Device_Startup/system_same70.o
 .group         0x00000000        0x8 Device_Startup/system_same70.o
 .group         0x00000000        0x8 Device_Startup/system_same70.o
 .group         0x00000000        0x8 Device_Startup/system_same70.o
 .group         0x00000000        0x8 Device_Startup/system_same70.o
 .group         0x00000000        0x8 Device_Startup/system_same70.o
 .group         0x00000000        0x8 Device_Startup/system_same70.o
 .group         0x00000000        0x8 Device_Startup/system_same70.o
 .group         0x00000000        0x8 Device_Startup/system_same70.o
 .group         0x00000000        0x8 Device_Startup/system_same70.o
 .group         0x00000000        0x8 Device_Startup/system_same70.o
 .group         0x00000000        0x8 Device_Startup/system_same70.o
 .group         0x00000000        0x8 Device_Startup/system_same70.o
 .group         0x00000000        0x8 Device_Startup/system_same70.o
 .group         0x00000000        0x8 Device_Startup/system_same70.o
 .group         0x00000000        0x8 Device_Startup/system_same70.o
 .group         0x00000000        0x8 Device_Startup/system_same70.o
 .group         0x00000000        0x8 Device_Startup/system_same70.o
 .group         0x00000000        0x8 Device_Startup/system_same70.o
 .group         0x00000000        0x8 Device_Startup/system_same70.o
 .group         0x00000000        0x8 Device_Startup/system_same70.o
 .group         0x00000000        0x8 Device_Startup/system_same70.o
 .group         0x00000000        0x8 Device_Startup/system_same70.o
 .group         0x00000000        0x8 Device_Startup/system_same70.o
 .group         0x00000000        0x8 Device_Startup/system_same70.o
 .group         0x00000000        0x8 Device_Startup/system_same70.o
 .group         0x00000000        0x8 Device_Startup/system_same70.o
 .group         0x00000000        0x8 Device_Startup/system_same70.o
 .group         0x00000000        0x8 Device_Startup/system_same70.o
 .group         0x00000000        0x8 Device_Startup/system_same70.o
 .group         0x00000000        0x8 Device_Startup/system_same70.o
 .group         0x00000000        0x8 Device_Startup/system_same70.o
 .group         0x00000000        0x8 Device_Startup/system_same70.o
 .text          0x00000000        0x0 Device_Startup/system_same70.o
 .bss           0x00000000        0x0 Device_Startup/system_same70.o
 .text.SystemCoreClockUpdate
                0x00000000      0x114 Device_Startup/system_same70.o
 .text.system_init_flash
                0x00000000       0x7c Device_Startup/system_same70.o
 .debug_macro   0x00000000      0x880 Device_Startup/system_same70.o
 .debug_macro   0x00000000       0x22 Device_Startup/system_same70.o
 .debug_macro   0x00000000       0x44 Device_Startup/system_same70.o
 .debug_macro   0x00000000       0x58 Device_Startup/system_same70.o
 .debug_macro   0x00000000       0x22 Device_Startup/system_same70.o
 .debug_macro   0x00000000      0x1df Device_Startup/system_same70.o
 .debug_macro   0x00000000       0x4a Device_Startup/system_same70.o
 .debug_macro   0x00000000       0x3b Device_Startup/system_same70.o
 .debug_macro   0x00000000       0x2d Device_Startup/system_same70.o
 .debug_macro   0x00000000       0x26 Device_Startup/system_same70.o
 .debug_macro   0x00000000      0xf9a Device_Startup/system_same70.o
 .debug_macro   0x00000000      0x16c Device_Startup/system_same70.o
 .debug_macro   0x00000000      0x2cc Device_Startup/system_same70.o
 .debug_macro   0x00000000      0xa00 Device_Startup/system_same70.o
 .debug_macro   0x00000000      0x1b4 Device_Startup/system_same70.o
 .debug_macro   0x00000000      0x2aa Device_Startup/system_same70.o
 .debug_macro   0x00000000      0x142 Device_Startup/system_same70.o
 .debug_macro   0x00000000     0x1851 Device_Startup/system_same70.o
 .debug_macro   0x00000000       0x1c Device_Startup/system_same70.o
 .debug_macro   0x00000000      0x67f Device_Startup/system_same70.o
 .debug_macro   0x00000000      0x310 Device_Startup/system_same70.o
 .debug_macro   0x00000000      0x4c7 Device_Startup/system_same70.o
 .debug_macro   0x00000000      0x560 Device_Startup/system_same70.o
 .debug_macro   0x00000000     0x1324 Device_Startup/system_same70.o
 .debug_macro   0x00000000     0x2a1e Device_Startup/system_same70.o
 .debug_macro   0x00000000     0x101e Device_Startup/system_same70.o
 .debug_macro   0x00000000      0xcba Device_Startup/system_same70.o
 .debug_macro   0x00000000      0x374 Device_Startup/system_same70.o
 .debug_macro   0x00000000       0xa0 Device_Startup/system_same70.o
 .debug_macro   0x00000000       0x76 Device_Startup/system_same70.o
 .debug_macro   0x00000000      0x420 Device_Startup/system_same70.o
 .debug_macro   0x00000000       0x64 Device_Startup/system_same70.o
 .debug_macro   0x00000000      0x276 Device_Startup/system_same70.o
 .debug_macro   0x00000000      0x1c4 Device_Startup/system_same70.o
 .debug_macro   0x00000000      0x23b Device_Startup/system_same70.o
 .debug_macro   0x00000000      0x516 Device_Startup/system_same70.o
 .debug_macro   0x00000000      0x62d Device_Startup/system_same70.o
 .debug_macro   0x00000000      0x6a9 Device_Startup/system_same70.o
 .debug_macro   0x00000000       0x4c Device_Startup/system_same70.o
 .debug_macro   0x00000000      0x45a Device_Startup/system_same70.o
 .debug_macro   0x00000000      0x1fb Device_Startup/system_same70.o
 .debug_macro   0x00000000      0x9d5 Device_Startup/system_same70.o
 .debug_macro   0x00000000     0x1401 Device_Startup/system_same70.o
 .debug_macro   0x00000000       0x40 Device_Startup/system_same70.o
 .debug_macro   0x00000000       0x76 Device_Startup/system_same70.o
 .debug_macro   0x00000000      0xd8b Device_Startup/system_same70.o
 .debug_macro   0x00000000       0x82 Device_Startup/system_same70.o
 .debug_macro   0x00000000       0x76 Device_Startup/system_same70.o
 .debug_macro   0x00000000       0x4c Device_Startup/system_same70.o
 .debug_macro   0x00000000      0x126 Device_Startup/system_same70.o
 .debug_macro   0x00000000      0x126 Device_Startup/system_same70.o
 .debug_macro   0x00000000      0x126 Device_Startup/system_same70.o
 .debug_macro   0x00000000       0x6a Device_Startup/system_same70.o
 .debug_macro   0x00000000       0x6a Device_Startup/system_same70.o
 .debug_macro   0x00000000      0x2f7 Device_Startup/system_same70.o
 .debug_macro   0x00000000       0xc4 Device_Startup/system_same70.o
 .debug_macro   0x00000000       0xc4 Device_Startup/system_same70.o
 .debug_macro   0x00000000       0xc4 Device_Startup/system_same70.o
 .debug_macro   0x00000000      0x112 Device_Startup/system_same70.o
 .debug_macro   0x00000000      0x112 Device_Startup/system_same70.o
 .debug_macro   0x00000000      0x2b1 Device_Startup/system_same70.o
 .debug_macro   0x00000000       0xb8 Device_Startup/system_same70.o
 .debug_macro   0x00000000       0x5e Device_Startup/system_same70.o
 .debug_macro   0x00000000       0x40 Device_Startup/system_same70.o
 .debug_macro   0x00000000       0x4c Device_Startup/system_same70.o
 .debug_macro   0x00000000       0xa0 Device_Startup/system_same70.o
 .debug_macro   0x00000000      0x494 Device_Startup/system_same70.o
 .debug_macro   0x00000000      0x126 Device_Startup/system_same70.o
 .debug_macro   0x00000000       0x4c Device_Startup/system_same70.o
 .debug_macro   0x00000000      0x2f7 Device_Startup/system_same70.o
 .debug_macro   0x00000000       0x6a Device_Startup/system_same70.o
 .debug_macro   0x00000000       0xb8 Device_Startup/system_same70.o
 .debug_macro   0x00000000       0x6a Device_Startup/system_same70.o
 .debug_macro   0x00000000       0x2e Device_Startup/system_same70.o
 .debug_macro   0x00000000      0x9b1 Device_Startup/system_same70.o
 .debug_macro   0x00000000       0x6a Device_Startup/system_same70.o
 .debug_macro   0x00000000       0x88 Device_Startup/system_same70.o
 .debug_macro   0x00000000       0x58 Device_Startup/system_same70.o
 .debug_macro   0x00000000       0xe2 Device_Startup/system_same70.o
 .debug_macro   0x00000000       0x16 Device_Startup/system_same70.o
 .debug_macro   0x00000000       0xe8 Device_Startup/system_same70.o
 .debug_macro   0x00000000       0x4c Device_Startup/system_same70.o
 .debug_macro   0x00000000       0x16 Device_Startup/system_same70.o
 .debug_macro   0x00000000       0x4c Device_Startup/system_same70.o
 .debug_macro   0x00000000       0x28 Device_Startup/system_same70.o
 .debug_macro   0x00000000      0x15e Device_Startup/system_same70.o
 .debug_macro   0x00000000      0x15e Device_Startup/system_same70.o
 .debug_macro   0x00000000      0x15e Device_Startup/system_same70.o
 .debug_macro   0x00000000      0x15e Device_Startup/system_same70.o
 .debug_macro   0x00000000      0x15e Device_Startup/system_same70.o
 .debug_macro   0x00000000       0x1c Device_Startup/system_same70.o
 .debug_macro   0x00000000       0x2e Device_Startup/system_same70.o
 .debug_macro   0x00000000       0x22 Device_Startup/system_same70.o
 .debug_macro   0x00000000       0x1c Device_Startup/system_same70.o
 .debug_macro   0x00000000       0x58 Device_Startup/system_same70.o
 .debug_macro   0x00000000       0x10 Device_Startup/system_same70.o
 .debug_macro   0x00000000       0x1c Device_Startup/system_same70.o
 .debug_macro   0x00000000       0x4c Device_Startup/system_same70.o
 .debug_macro   0x00000000       0x4c Device_Startup/system_same70.o
 .debug_macro   0x00000000       0x4c Device_Startup/system_same70.o
 .debug_macro   0x00000000      0x31b Device_Startup/system_same70.o
 .debug_macro   0x00000000     0x1013 Device_Startup/system_same70.o
 .debug_macro   0x00000000      0x100 Device_Startup/system_same70.o
 .group         0x00000000        0x8 main.o
 .group         0x00000000        0x8 main.o
 .group         0x00000000        0x8 main.o
 .group         0x00000000        0x8 main.o
 .group         0x00000000        0x8 main.o
 .group         0x00000000        0x8 main.o
 .group         0x00000000        0x8 main.o
 .group         0x00000000        0x8 main.o
 .group         0x00000000        0x8 main.o
 .group         0x00000000        0x8 main.o
 .group         0x00000000        0x8 main.o
 .group         0x00000000        0x8 main.o
 .group         0x00000000        0x8 main.o
 .group         0x00000000        0x8 main.o
 .group         0x00000000        0x8 main.o
 .group         0x00000000        0x8 main.o
 .group         0x00000000        0x8 main.o
 .group         0x00000000        0x8 main.o
 .group         0x00000000        0x8 main.o
 .group         0x00000000        0x8 main.o
 .group         0x00000000        0x8 main.o
 .group         0x00000000        0x8 main.o
 .group         0x00000000        0x8 main.o
 .group         0x00000000        0x8 main.o
 .group         0x00000000        0x8 main.o
 .group         0x00000000        0x8 main.o
 .group         0x00000000        0x8 main.o
 .group         0x00000000        0x8 main.o
 .group         0x00000000        0x8 main.o
 .group         0x00000000        0x8 main.o
 .group         0x00000000        0x8 main.o
 .group         0x00000000        0x8 main.o
 .group         0x00000000        0x8 main.o
 .group         0x00000000        0x8 main.o
 .group         0x00000000        0x8 main.o
 .group         0x00000000        0x8 main.o
 .group         0x00000000        0x8 main.o
 .group         0x00000000        0x8 main.o
 .group         0x00000000        0x8 main.o
 .group         0x00000000        0x8 main.o
 .group         0x00000000        0x8 main.o
 .group         0x00000000        0x8 main.o
 .group         0x00000000        0x8 main.o
 .group         0x00000000        0x8 main.o
 .group         0x00000000        0x8 main.o
 .group         0x00000000        0x8 main.o
 .group         0x00000000        0x8 main.o
 .group         0x00000000        0x8 main.o
 .group         0x00000000        0x8 main.o
 .group         0x00000000        0x8 main.o
 .group         0x00000000        0x8 main.o
 .group         0x00000000        0x8 main.o
 .group         0x00000000        0x8 main.o
 .group         0x00000000        0x8 main.o
 .group         0x00000000        0x8 main.o
 .group         0x00000000        0x8 main.o
 .group         0x00000000        0x8 main.o
 .group         0x00000000        0x8 main.o
 .group         0x00000000        0x8 main.o
 .group         0x00000000        0x8 main.o
 .group         0x00000000        0x8 main.o
 .group         0x00000000        0x8 main.o
 .group         0x00000000        0x8 main.o
 .group         0x00000000        0x8 main.o
 .group         0x00000000        0x8 main.o
 .group         0x00000000        0x8 main.o
 .group         0x00000000        0x8 main.o
 .group         0x00000000        0x8 main.o
 .group         0x00000000        0x8 main.o
 .group         0x00000000        0x8 main.o
 .group         0x00000000        0x8 main.o
 .group         0x00000000        0x8 main.o
 .group         0x00000000        0x8 main.o
 .group         0x00000000        0x8 main.o
 .group         0x00000000        0x8 main.o
 .group         0x00000000        0x8 main.o
 .group         0x00000000        0x8 main.o
 .group         0x00000000        0x8 main.o
 .group         0x00000000        0x8 main.o
 .group         0x00000000        0x8 main.o
 .group         0x00000000        0x8 main.o
 .group         0x00000000        0x8 main.o
 .group         0x00000000        0x8 main.o
 .group         0x00000000        0x8 main.o
 .group         0x00000000        0x8 main.o
 .group         0x00000000        0x8 main.o
 .group         0x00000000        0x8 main.o
 .group         0x00000000        0x8 main.o
 .group         0x00000000        0x8 main.o
 .group         0x00000000        0x8 main.o
 .group         0x00000000        0x8 main.o
 .group         0x00000000        0x8 main.o
 .group         0x00000000        0x8 main.o
 .group         0x00000000        0x8 main.o
 .group         0x00000000        0x8 main.o
 .group         0x00000000        0x8 main.o
 .group         0x00000000        0x8 main.o
 .group         0x00000000        0x8 main.o
 .group         0x00000000        0x8 main.o
 .group         0x00000000        0x8 main.o
 .group         0x00000000        0x8 main.o
 .group         0x00000000        0x8 main.o
 .group         0x00000000        0x8 main.o
 .text          0x00000000        0x0 main.o
 .debug_macro   0x00000000      0x880 main.o
 .debug_macro   0x00000000       0x22 main.o
 .debug_macro   0x00000000       0x44 main.o
 .debug_macro   0x00000000       0x58 main.o
 .debug_macro   0x00000000       0x22 main.o
 .debug_macro   0x00000000      0x1df main.o
 .debug_macro   0x00000000       0x4a main.o
 .debug_macro   0x00000000       0x3b main.o
 .debug_macro   0x00000000       0x2d main.o
 .debug_macro   0x00000000       0x26 main.o
 .debug_macro   0x00000000      0xf9a main.o
 .debug_macro   0x00000000      0x16c main.o
 .debug_macro   0x00000000      0x2cc main.o
 .debug_macro   0x00000000      0xa00 main.o
 .debug_macro   0x00000000      0x1b4 main.o
 .debug_macro   0x00000000      0x2aa main.o
 .debug_macro   0x00000000      0x142 main.o
 .debug_macro   0x00000000     0x1851 main.o
 .debug_macro   0x00000000       0x1c main.o
 .debug_macro   0x00000000      0x67f main.o
 .debug_macro   0x00000000      0x310 main.o
 .debug_macro   0x00000000      0x4c7 main.o
 .debug_macro   0x00000000      0x560 main.o
 .debug_macro   0x00000000     0x1324 main.o
 .debug_macro   0x00000000     0x2a1e main.o
 .debug_macro   0x00000000     0x101e main.o
 .debug_macro   0x00000000      0xcba main.o
 .debug_macro   0x00000000      0x374 main.o
 .debug_macro   0x00000000       0xa0 main.o
 .debug_macro   0x00000000       0x76 main.o
 .debug_macro   0x00000000      0x420 main.o
 .debug_macro   0x00000000       0x64 main.o
 .debug_macro   0x00000000      0x276 main.o
 .debug_macro   0x00000000      0x1c4 main.o
 .debug_macro   0x00000000      0x23b main.o
 .debug_macro   0x00000000      0x516 main.o
 .debug_macro   0x00000000      0x62d main.o
 .debug_macro   0x00000000      0x6a9 main.o
 .debug_macro   0x00000000       0x4c main.o
 .debug_macro   0x00000000      0x45a main.o
 .debug_macro   0x00000000      0x1fb main.o
 .debug_macro   0x00000000      0x9d5 main.o
 .debug_macro   0x00000000     0x1401 main.o
 .debug_macro   0x00000000       0x40 main.o
 .debug_macro   0x00000000       0x76 main.o
 .debug_macro   0x00000000      0xd8b main.o
 .debug_macro   0x00000000       0x82 main.o
 .debug_macro   0x00000000       0x76 main.o
 .debug_macro   0x00000000       0x4c main.o
 .debug_macro   0x00000000      0x126 main.o
 .debug_macro   0x00000000      0x126 main.o
 .debug_macro   0x00000000      0x126 main.o
 .debug_macro   0x00000000       0x6a main.o
 .debug_macro   0x00000000       0x6a main.o
 .debug_macro   0x00000000      0x2f7 main.o
 .debug_macro   0x00000000       0xc4 main.o
 .debug_macro   0x00000000       0xc4 main.o
 .debug_macro   0x00000000       0xc4 main.o
 .debug_macro   0x00000000      0x112 main.o
 .debug_macro   0x00000000      0x112 main.o
 .debug_macro   0x00000000      0x2b1 main.o
 .debug_macro   0x00000000       0xb8 main.o
 .debug_macro   0x00000000       0x5e main.o
 .debug_macro   0x00000000       0x40 main.o
 .debug_macro   0x00000000       0x4c main.o
 .debug_macro   0x00000000       0xa0 main.o
 .debug_macro   0x00000000      0x494 main.o
 .debug_macro   0x00000000      0x126 main.o
 .debug_macro   0x00000000       0x4c main.o
 .debug_macro   0x00000000      0x2f7 main.o
 .debug_macro   0x00000000       0x6a main.o
 .debug_macro   0x00000000       0xb8 main.o
 .debug_macro   0x00000000       0x6a main.o
 .debug_macro   0x00000000       0x2e main.o
 .debug_macro   0x00000000      0x9b1 main.o
 .debug_macro   0x00000000       0x6a main.o
 .debug_macro   0x00000000       0x88 main.o
 .debug_macro   0x00000000       0x58 main.o
 .debug_macro   0x00000000       0xe2 main.o
 .debug_macro   0x00000000       0x16 main.o
 .debug_macro   0x00000000       0xe8 main.o
 .debug_macro   0x00000000       0x4c main.o
 .debug_macro   0x00000000       0x16 main.o
 .debug_macro   0x00000000       0x4c main.o
 .debug_macro   0x00000000       0x28 main.o
 .debug_macro   0x00000000      0x15e main.o
 .debug_macro   0x00000000      0x15e main.o
 .debug_macro   0x00000000      0x15e main.o
 .debug_macro   0x00000000      0x15e main.o
 .debug_macro   0x00000000      0x15e main.o
 .debug_macro   0x00000000       0x1c main.o
 .debug_macro   0x00000000       0x2e main.o
 .debug_macro   0x00000000       0x22 main.o
 .debug_macro   0x00000000       0x1c main.o
 .debug_macro   0x00000000       0x58 main.o
 .debug_macro   0x00000000       0x10 main.o
 .debug_macro   0x00000000       0x1c main.o
 .debug_macro   0x00000000       0x4c main.o
 .debug_macro   0x00000000       0x4c main.o
 .debug_macro   0x00000000       0x4c main.o
 .debug_macro   0x00000000      0x31b main.o
 .debug_macro   0x00000000     0x1013 main.o
 .debug_macro   0x00000000      0x100 main.o
 .text          0x00000000        0x0 c:/program files (x86)/atmel/studio/7.0/toolchain/arm/arm-gnu-toolchain/bin/../lib/gcc/arm-none-eabi/4.9.3/../../../../arm-none-eabi/lib/cortex-m7\libc.a(lib_a-exit.o)
 .data          0x00000000        0x0 c:/program files (x86)/atmel/studio/7.0/toolchain/arm/arm-gnu-toolchain/bin/../lib/gcc/arm-none-eabi/4.9.3/../../../../arm-none-eabi/lib/cortex-m7\libc.a(lib_a-exit.o)
 .bss           0x00000000        0x0 c:/program files (x86)/atmel/studio/7.0/toolchain/arm/arm-gnu-toolchain/bin/../lib/gcc/arm-none-eabi/4.9.3/../../../../arm-none-eabi/lib/cortex-m7\libc.a(lib_a-exit.o)
 .text.exit     0x00000000       0x20 c:/program files (x86)/atmel/studio/7.0/toolchain/arm/arm-gnu-toolchain/bin/../lib/gcc/arm-none-eabi/4.9.3/../../../../arm-none-eabi/lib/cortex-m7\libc.a(lib_a-exit.o)
 .debug_frame   0x00000000       0x28 c:/program files (x86)/atmel/studio/7.0/toolchain/arm/arm-gnu-toolchain/bin/../lib/gcc/arm-none-eabi/4.9.3/../../../../arm-none-eabi/lib/cortex-m7\libc.a(lib_a-exit.o)
 .ARM.attributes
                0x00000000       0x33 c:/program files (x86)/atmel/studio/7.0/toolchain/arm/arm-gnu-toolchain/bin/../lib/gcc/arm-none-eabi/4.9.3/../../../../arm-none-eabi/lib/cortex-m7\libc.a(lib_a-exit.o)
 .text          0x00000000        0x0 c:/program files (x86)/atmel/studio/7.0/toolchain/arm/arm-gnu-toolchain/bin/../lib/gcc/arm-none-eabi/4.9.3/../../../../arm-none-eabi/lib/cortex-m7\libc.a(lib_a-impure.o)
 .data          0x00000000        0x0 c:/program files (x86)/atmel/studio/7.0/toolchain/arm/arm-gnu-toolchain/bin/../lib/gcc/arm-none-eabi/4.9.3/../../../../arm-none-eabi/lib/cortex-m7\libc.a(lib_a-impure.o)
 .bss           0x00000000        0x0 c:/program files (x86)/atmel/studio/7.0/toolchain/arm/arm-gnu-toolchain/bin/../lib/gcc/arm-none-eabi/4.9.3/../../../../arm-none-eabi/lib/cortex-m7\libc.a(lib_a-impure.o)
 .data._impure_ptr
                0x00000000        0x4 c:/program files (x86)/atmel/studio/7.0/toolchain/arm/arm-gnu-toolchain/bin/../lib/gcc/arm-none-eabi/4.9.3/../../../../arm-none-eabi/lib/cortex-m7\libc.a(lib_a-impure.o)
 .text          0x00000000        0x0 c:/program files (x86)/atmel/studio/7.0/toolchain/arm/arm-gnu-toolchain/bin/../lib/gcc/arm-none-eabi/4.9.3/../../../../arm-none-eabi/lib/cortex-m7\libc.a(lib_a-init.o)
 .data          0x00000000        0x0 c:/program files (x86)/atmel/studio/7.0/toolchain/arm/arm-gnu-toolchain/bin/../lib/gcc/arm-none-eabi/4.9.3/../../../../arm-none-eabi/lib/cortex-m7\libc.a(lib_a-init.o)
 .bss           0x00000000        0x0 c:/program files (x86)/atmel/studio/7.0/toolchain/arm/arm-gnu-toolchain/bin/../lib/gcc/arm-none-eabi/4.9.3/../../../../arm-none-eabi/lib/cortex-m7\libc.a(lib_a-init.o)
 .text          0x00000000        0x0 c:/program files (x86)/atmel/studio/7.0/toolchain/arm/arm-gnu-toolchain/bin/../lib/gcc/arm-none-eabi/4.9.3/../../../../arm-none-eabi/lib/cortex-m7\libc.a(lib_a-memset.o)
 .data          0x00000000        0x0 c:/program files (x86)/atmel/studio/7.0/toolchain/arm/arm-gnu-toolchain/bin/../lib/gcc/arm-none-eabi/4.9.3/../../../../arm-none-eabi/lib/cortex-m7\libc.a(lib_a-memset.o)
 .bss           0x00000000        0x0 c:/program files (x86)/atmel/studio/7.0/toolchain/arm/arm-gnu-toolchain/bin/../lib/gcc/arm-none-eabi/4.9.3/../../../../arm-none-eabi/lib/cortex-m7\libc.a(lib_a-memset.o)
 .text.memset   0x00000000       0xa0 c:/program files (x86)/atmel/studio/7.0/toolchain/arm/arm-gnu-toolchain/bin/../lib/gcc/arm-none-eabi/4.9.3/../../../../arm-none-eabi/lib/cortex-m7\libc.a(lib_a-memset.o)
 .debug_frame   0x00000000       0x34 c:/program files (x86)/atmel/studio/7.0/toolchain/arm/arm-gnu-toolchain/bin/../lib/gcc/arm-none-eabi/4.9.3/../../../../arm-none-eabi/lib/cortex-m7\libc.a(lib_a-memset.o)
 .ARM.attributes
                0x00000000       0x33 c:/program files (x86)/atmel/studio/7.0/toolchain/arm/arm-gnu-toolchain/bin/../lib/gcc/arm-none-eabi/4.9.3/../../../../arm-none-eabi/lib/cortex-m7\libc.a(lib_a-memset.o)
 .text          0x00000000        0x0 c:/program files (x86)/atmel/studio/7.0/toolchain/arm/arm-gnu-toolchain/bin/../lib/gcc/arm-none-eabi/4.9.3/../../../../arm-none-eabi/lib/cortex-m7\libc.a(lib_a-__call_atexit.o)
 .data          0x00000000        0x0 c:/program files (x86)/atmel/studio/7.0/toolchain/arm/arm-gnu-toolchain/bin/../lib/gcc/arm-none-eabi/4.9.3/../../../../arm-none-eabi/lib/cortex-m7\libc.a(lib_a-__call_atexit.o)
 .bss           0x00000000        0x0 c:/program files (x86)/atmel/studio/7.0/toolchain/arm/arm-gnu-toolchain/bin/../lib/gcc/arm-none-eabi/4.9.3/../../../../arm-none-eabi/lib/cortex-m7\libc.a(lib_a-__call_atexit.o)
 .text.__call_exitprocs
                0x00000000       0xd4 c:/program files (x86)/atmel/studio/7.0/toolchain/arm/arm-gnu-toolchain/bin/../lib/gcc/arm-none-eabi/4.9.3/../../../../arm-none-eabi/lib/cortex-m7\libc.a(lib_a-__call_atexit.o)
 .text          0x00000000        0x0 c:/program files (x86)/atmel/studio/7.0/toolchain/arm/arm-gnu-toolchain/bin/../lib/gcc/arm-none-eabi/4.9.3/../../../../arm-none-eabi/lib/cortex-m7\libc.a(lib_a-atexit.o)
 .data          0x00000000        0x0 c:/program files (x86)/atmel/studio/7.0/toolchain/arm/arm-gnu-toolchain/bin/../lib/gcc/arm-none-eabi/4.9.3/../../../../arm-none-eabi/lib/cortex-m7\libc.a(lib_a-atexit.o)
 .bss           0x00000000        0x0 c:/program files (x86)/atmel/studio/7.0/toolchain/arm/arm-gnu-toolchain/bin/../lib/gcc/arm-none-eabi/4.9.3/../../../../arm-none-eabi/lib/cortex-m7\libc.a(lib_a-atexit.o)
 .text          0x00000000        0x0 c:/program files (x86)/atmel/studio/7.0/toolchain/arm/arm-gnu-toolchain/bin/../lib/gcc/arm-none-eabi/4.9.3/../../../../arm-none-eabi/lib/cortex-m7\libc.a(lib_a-fini.o)
 .data          0x00000000        0x0 c:/program files (x86)/atmel/studio/7.0/toolchain/arm/arm-gnu-toolchain/bin/../lib/gcc/arm-none-eabi/4.9.3/../../../../arm-none-eabi/lib/cortex-m7\libc.a(lib_a-fini.o)
 .bss           0x00000000        0x0 c:/program files (x86)/atmel/studio/7.0/toolchain/arm/arm-gnu-toolchain/bin/../lib/gcc/arm-none-eabi/4.9.3/../../../../arm-none-eabi/lib/cortex-m7\libc.a(lib_a-fini.o)
 .text          0x00000000        0x0 c:/program files (x86)/atmel/studio/7.0/toolchain/arm/arm-gnu-toolchain/bin/../lib/gcc/arm-none-eabi/4.9.3/../../../../arm-none-eabi/lib/cortex-m7\libc.a(lib_a-__atexit.o)
 .data          0x00000000        0x0 c:/program files (x86)/atmel/studio/7.0/toolchain/arm/arm-gnu-toolchain/bin/../lib/gcc/arm-none-eabi/4.9.3/../../../../arm-none-eabi/lib/cortex-m7\libc.a(lib_a-__atexit.o)
 .bss           0x00000000        0x0 c:/program files (x86)/atmel/studio/7.0/toolchain/arm/arm-gnu-toolchain/bin/../lib/gcc/arm-none-eabi/4.9.3/../../../../arm-none-eabi/lib/cortex-m7\libc.a(lib_a-__atexit.o)
 .text          0x00000000        0x0 c:/program files (x86)/atmel/studio/7.0/toolchain/arm/arm-gnu-toolchain/bin/../lib/gcc/arm-none-eabi/4.9.3/cortex-m7/crtend.o
 .data          0x00000000        0x0 c:/program files (x86)/atmel/studio/7.0/toolchain/arm/arm-gnu-toolchain/bin/../lib/gcc/arm-none-eabi/4.9.3/cortex-m7/crtend.o
 .bss           0x00000000        0x0 c:/program files (x86)/atmel/studio/7.0/toolchain/arm/arm-gnu-toolchain/bin/../lib/gcc/arm-none-eabi/4.9.3/cortex-m7/crtend.o
 .eh_frame      0x00000000        0x4 c:/program files (x86)/atmel/studio/7.0/toolchain/arm/arm-gnu-toolchain/bin/../lib/gcc/arm-none-eabi/4.9.3/cortex-m7/crtend.o
 .jcr           0x00000000        0x4 c:/program files (x86)/atmel/studio/7.0/toolchain/arm/arm-gnu-toolchain/bin/../lib/gcc/arm-none-eabi/4.9.3/cortex-m7/crtend.o
 .ARM.attributes
                0x00000000       0x33 c:/program files (x86)/atmel/studio/7.0/toolchain/arm/arm-gnu-toolchain/bin/../lib/gcc/arm-none-eabi/4.9.3/cortex-m7/crtend.o
 .text          0x00000000        0x0 c:/program files (x86)/atmel/studio/7.0/toolchain/arm/arm-gnu-toolchain/bin/../lib/gcc/arm-none-eabi/4.9.3/cortex-m7/crtn.o
 .data          0x00000000        0x0 c:/program files (x86)/atmel/studio/7.0/toolchain/arm/arm-gnu-toolchain/bin/../lib/gcc/arm-none-eabi/4.9.3/cortex-m7/crtn.o
 .bss           0x00000000        0x0 c:/program files (x86)/atmel/studio/7.0/toolchain/arm/arm-gnu-toolchain/bin/../lib/gcc/arm-none-eabi/4.9.3/cortex-m7/crtn.o

Memory Configuration

Name             Origin             Length             Attributes
rom              0x00400000         0x00200000         xr
ram              0x20400000         0x00060000         xrw
*default*        0x00000000         0xffffffff

Linker script and memory map

LOAD c:/program files (x86)/atmel/studio/7.0/toolchain/arm/arm-gnu-toolchain/bin/../lib/gcc/arm-none-eabi/4.9.3/cortex-m7/crti.o
LOAD c:/program files (x86)/atmel/studio/7.0/toolchain/arm/arm-gnu-toolchain/bin/../lib/gcc/arm-none-eabi/4.9.3/cortex-m7/crtbegin.o
LOAD c:/program files (x86)/atmel/studio/7.0/toolchain/arm/arm-gnu-toolchain/bin/../lib/gcc/arm-none-eabi/4.9.3/../../../../arm-none-eabi/lib/cortex-m7/crt0.o
LOAD Device_Startup/startup_same70.o
LOAD Device_Startup/system_same70.o
LOAD main.o
START GROUP
LOAD c:/program files (x86)/atmel/studio/7.0/toolchain/arm/arm-gnu-toolchain/bin/../lib/gcc/arm-none-eabi/4.9.3/../../../../arm-none-eabi/lib/cortex-m7\libm.a
END GROUP
START GROUP
LOAD c:/program files (x86)/atmel/studio/7.0/toolchain/arm/arm-gnu-toolchain/bin/../lib/gcc/arm-none-eabi/4.9.3/cortex-m7\libgcc.a
LOAD c:/program files (x86)/atmel/studio/7.0/toolchain/arm/arm-gnu-toolchain/bin/../lib/gcc/arm-none-eabi/4.9.3/../../../../arm-none-eabi/lib/cortex-m7\libc.a
END GROUP
LOAD c:/program files (x86)/atmel/studio/7.0/toolchain/arm/arm-gnu-toolchain/bin/../lib/gcc/arm-none-eabi/4.9.3/cortex-m7/crtend.o
LOAD c:/program files (x86)/atmel/studio/7.0/toolchain/arm/arm-gnu-toolchain/bin/../lib/gcc/arm-none-eabi/4.9.3/cortex-m7/crtn.o
                0x00000400                STACK_SIZE = DEFINED (STACK_SIZE)?STACK_SIZE:0x400
                0x00000200                HEAP_SIZE = DEFINED (HEAP_SIZE)?HEAP_SIZE:0x200

.text           0x00400000      0x53c
                0x00400000                . = ALIGN (0x4)
                0x00400000                _sfixed = .
 *(.vectors .vectors.*)
 .vectors       0x00400000      0x140 Device_Startup/startup_same70.o
                0x00400000                exception_table
 *(.text .text.* .gnu.linkonce.t.*)
 .text          0x00400140       0x5c c:/program files (x86)/atmel/studio/7.0/toolchain/arm/arm-gnu-toolchain/bin/../lib/gcc/arm-none-eabi/4.9.3/cortex-m7/crtbegin.o
 .text.Dummy_Handler
                0x0040019c        0x4 Device_Startup/startup_same70.o
                0x0040019c                DACC_Handler
                0x0040019c                DebugMon_Handler
                0x0040019c                UART3_Handler
                0x0040019c                UART2_Handler
                0x0040019c                TRNG_Handler
                0x0040019c                HardFault_Handler
                0x0040019c                TC2_Handler
                0x0040019c                SysTick_Handler
                0x0040019c                AFEC1_Handler
                0x0040019c                PendSV_Handler
                0x0040019c                NMI_Handler
                0x0040019c                TC7_Handler
                0x0040019c                QSPI_Handler
                0x0040019c                ISI_Handler
                0x0040019c                TC9_Handler
                0x0040019c                RSWDT_Handler
                0x0040019c                MCAN1_Handler
                0x0040019c                USART0_Handler
                0x0040019c                RTT_Handler
                0x0040019c                USBHS_Handler
                0x0040019c                PIOB_Handler
                0x0040019c                RTC_Handler
                0x0040019c                UsageFault_Handler
                0x0040019c                TC6_Handler
                0x0040019c                WDT_Handler
                0x0040019c                TC4_Handler
                0x0040019c                TC1_Handler
                0x0040019c                HSMCI_Handler
                0x0040019c                UART1_Handler
                0x0040019c                TC3_Handler
                0x0040019c                Dummy_Handler
                0x0040019c                TWIHS1_Handler
                0x0040019c                XDMAC_Handler
                0x0040019c                UART4_Handler
                0x0040019c                PWM1_Handler
                0x0040019c                USART1_Handler
                0x0040019c                PWM0_Handler
                0x0040019c                PIOA_Handler
                0x0040019c                AFEC0_Handler
                0x0040019c                TC11_Handler
                0x0040019c                SSC_Handler
                0x0040019c                ACC_Handler
                0x0040019c                PMC_Handler
                0x0040019c                GMAC_Handler
                0x0040019c                MemManage_Handler
                0x0040019c                SUPC_Handler
                0x0040019c                SVC_Handler
                0x0040019c                TC8_Handler
                0x0040019c                EFC_Handler
                0x0040019c                USART2_Handler
                0x0040019c                SDRAMC_Handler
                0x0040019c                PIOE_Handler
                0x0040019c                SPI1_Handler
                0x0040019c                MCAN0_Handler
                0x0040019c                TC10_Handler
                0x0040019c                PIOD_Handler
                0x0040019c                TWIHS2_Handler
                0x0040019c                UART0_Handler
                0x0040019c                PIOC_Handler
                0x0040019c                BusFault_Handler
                0x0040019c                RSTC_Handler
                0x0040019c                TC0_Handler
                0x0040019c                TC5_Handler
                0x0040019c                AES_Handler
                0x0040019c                ICM_Handler
                0x0040019c                TWIHS0_Handler
                0x0040019c                SPI0_Handler
 .text.Reset_Handler
                0x004001a0       0x98 Device_Startup/startup_same70.o
                0x004001a0                Reset_Handler
 .text.SystemInit
                0x00400238       0xa4 Device_Startup/system_same70.o
                0x00400238                SystemInit
 .text.fir_int32
                0x004002dc       0xb8 main.o
                0x004002dc                fir_int32
 .text.main     0x00400394       0x38 main.o
                0x00400394                main
 .text.__libc_init_array
                0x004003cc       0x50 c:/program files (x86)/atmel/studio/7.0/toolchain/arm/arm-gnu-toolchain/bin/../lib/gcc/arm-none-eabi/4.9.3/../../../../arm-none-eabi/lib/cortex-m7\libc.a(lib_a-init.o)
                0x004003cc                __libc_init_array
 .text.startup.register_fini
                0x0040041c       0x14 c:/program files (x86)/atmel/studio/7.0/toolchain/arm/arm-gnu-toolchain/bin/../lib/gcc/arm-none-eabi/4.9.3/../../../../arm-none-eabi/lib/cortex-m7\libc.a(lib_a-__call_atexit.o)
 .text.atexit   0x00400430        0xc c:/program files (x86)/atmel/studio/7.0/toolchain/arm/arm-gnu-toolchain/bin/../lib/gcc/arm-none-eabi/4.9.3/../../../../arm-none-eabi/lib/cortex-m7\libc.a(lib_a-atexit.o)
                0x00400430                atexit
 .text.__libc_fini_array
                0x0040043c       0x2c c:/program files (x86)/atmel/studio/7.0/toolchain/arm/arm-gnu-toolchain/bin/../lib/gcc/arm-none-eabi/4.9.3/../../../../arm-none-eabi/lib/cortex-m7\libc.a(lib_a-fini.o)
                0x0040043c                __libc_fini_array
 .text.__register_exitproc
                0x00400468       0xa8 c:/program files (x86)/atmel/studio/7.0/toolchain/arm/arm-gnu-toolchain/bin/../lib/gcc/arm-none-eabi/4.9.3/../../../../arm-none-eabi/lib/cortex-m7\libc.a(lib_a-__atexit.o)
                0x00400468                __register_exitproc
 *(.glue_7t)
 .glue_7t       0x00000000        0x0 linker stubs
 *(.glue_7)
 .glue_7        0x00000000        0x0 linker stubs
 *(.rodata .rodata* .gnu.linkonce.r.*)
 .rodata.str1.4
                0x00400510        0x4 c:/program files (x86)/atmel/studio/7.0/toolchain/arm/arm-gnu-toolchain/bin/../lib/gcc/arm-none-eabi/4.9.3/../../../../arm-none-eabi/lib/cortex-m7\libc.a(lib_a-impure.o)
                                  0x2 (size before relaxing)
 .rodata._global_impure_ptr
                0x00400514        0x4 c:/program files (x86)/atmel/studio/7.0/toolchain/arm/arm-gnu-toolchain/bin/../lib/gcc/arm-none-eabi/4.9.3/../../../../arm-none-eabi/lib/cortex-m7\libc.a(lib_a-impure.o)
                0x00400514                _global_impure_ptr
 *(.ARM.extab* .gnu.linkonce.armextab.*)
                0x00400518                . = ALIGN (0x4)
 *(.init)
 .init          0x00400518        0x4 c:/program files (x86)/atmel/studio/7.0/toolchain/arm/arm-gnu-toolchain/bin/../lib/gcc/arm-none-eabi/4.9.3/cortex-m7/crti.o
                0x00400518                _init
 .init          0x0040051c        0x8 c:/program files (x86)/atmel/studio/7.0/toolchain/arm/arm-gnu-toolchain/bin/../lib/gcc/arm-none-eabi/4.9.3/cortex-m7/crtn.o
                0x00400524                . = ALIGN (0x4)
                0x00400524                __preinit_array_start = .
 *(.preinit_array)
                0x00400524                __preinit_array_end = .
                0x00400524                . = ALIGN (0x4)
                0x00400524                __init_array_start = .
 *(SORT(.init_array.*))
 .init_array.00000
                0x00400524        0x4 c:/program files (x86)/atmel/studio/7.0/toolchain/arm/arm-gnu-toolchain/bin/../lib/gcc/arm-none-eabi/4.9.3/../../../../arm-none-eabi/lib/cortex-m7\libc.a(lib_a-__call_atexit.o)
 *(.init_array)
 .init_array    0x00400528        0x4 c:/program files (x86)/atmel/studio/7.0/toolchain/arm/arm-gnu-toolchain/bin/../lib/gcc/arm-none-eabi/4.9.3/cortex-m7/crtbegin.o
                0x0040052c                __init_array_end = .
                0x0040052c                . = ALIGN (0x4)
 *crtbegin.o(.ctors)
 *(EXCLUDE_FILE(*crtend.o) .ctors)
 *(SORT(.ctors.*))
 *crtend.o(.ctors)
                0x0040052c                . = ALIGN (0x4)
 *(.fini)
 .fini          0x0040052c        0x4 c:/program files (x86)/atmel/studio/7.0/toolchain/arm/arm-gnu-toolchain/bin/../lib/gcc/arm-none-eabi/4.9.3/cortex-m7/crti.o
                0x0040052c                _fini
 .fini          0x00400530        0x8 c:/program files (x86)/atmel/studio/7.0/toolchain/arm/arm-gnu-toolchain/bin/../lib/gcc/arm-none-eabi/4.9.3/cortex-m7/crtn.o
                0x00400538                . = ALIGN (0x4)
                0x00400538                __fini_array_start = .
 *(.fini_array)
 .fini_array    0x00400538        0x4 c:/program files (x86)/atmel/studio/7.0/toolchain/arm/arm-gnu-toolchain/bin/../lib/gcc/arm-none-eabi/4.9.3/cortex-m7/crtbegin.o
 *(SORT(.fini_array.*))
                0x0040053c                __fini_array_end = .
 *crtbegin.o(.dtors)
 *(EXCLUDE_FILE(*crtend.o) .dtors)
 *(SORT(.dtors.*))
 *crtend.o(.dtors)
                0x0040053c                . = ALIGN (0x4)
                0x0040053c                _efixed = .
                0x0040053c                PROVIDE (__exidx_start, .)

.vfp11_veneer   0x0040053c        0x0
 .vfp11_veneer  0x00000000        0x0 linker stubs

.v4_bx          0x0040053c        0x0
 .v4_bx         0x00000000        0x0 linker stubs

.iplt           0x0040053c        0x0
 .iplt          0x00000000        0x0 c:/program files (x86)/atmel/studio/7.0/toolchain/arm/arm-gnu-toolchain/bin/../lib/gcc/arm-none-eabi/4.9.3/cortex-m7/crtbegin.o

.eh_frame       0x0040053c        0x0
 .eh_frame      0x0040053c        0x0 c:/program files (x86)/atmel/studio/7.0/toolchain/arm/arm-gnu-toolchain/bin/../lib/gcc/arm-none-eabi/4.9.3/cortex-m7/crtbegin.o

.rel.dyn        0x0040053c        0x0
 .rel.iplt      0x00000000        0x0 c:/program files (x86)/atmel/studio/7.0/toolchain/arm/arm-gnu-toolchain/bin/../lib/gcc/arm-none-eabi/4.9.3/cortex-m7/crtbegin.o

.jcr            0x0040053c        0x0
 .jcr           0x0040053c        0x0 c:/program files (x86)/atmel/studio/7.0/toolchain/arm/arm-gnu-toolchain/bin/../lib/gcc/arm-none-eabi/4.9.3/cortex-m7/crtbegin.o

.igot.plt       0x0040053c        0x0
 .igot.plt      0x00000000        0x0 c:/program files (x86)/atmel/studio/7.0/toolchain/arm/arm-gnu-toolchain/bin/../lib/gcc/arm-none-eabi/4.9.3/cortex-m7/crtbegin.o

.ARM.exidx
 *(.ARM.exidx* .gnu.linkonce.armexidx.*)
                0x0040053c                PROVIDE (__exidx_end, .)
                0x0040053c                . = ALIGN (0x4)
                0x0040053c                _etext = .

.relocate       0x20400000      0x480 load address 0x0040053c
                0x20400000                . = ALIGN (0x4)
                0x20400000                _srelocate = .
 *(.ramfunc .ramfunc.*)
 *(.data .data.*)
 .data          0x20400000        0x4 Device_Startup/system_same70.o
                0x20400000                SystemCoreClock
 .data          0x20400004       0x54 main.o
                0x20400004                fir_coeffs
 .data.impure_data
                0x20400058      0x428 c:/program files (x86)/atmel/studio/7.0/toolchain/arm/arm-gnu-toolchain/bin/../lib/gcc/arm-none-eabi/4.9.3/../../../../arm-none-eabi/lib/cortex-m7\libc.a(lib_a-impure.o)
                0x20400480                . = ALIGN (0x4)
                0x20400480                _erelocate = .

.bss            0x20400480     0x1fb4 load address 0x004009bc
                0x20400480                . = ALIGN (0x4)
                0x20400480                _sbss = .
                0x20400480                _szero = .
 *(.bss .bss.*)
 .bss           0x20400480       0x1c c:/program files (x86)/atmel/studio/7.0/toolchain/arm/arm-gnu-toolchain/bin/../lib/gcc/arm-none-eabi/4.9.3/cortex-m7/crtbegin.o
 .bss           0x2040049c     0x1f98 main.o
                0x204004f4                input
                0x20401494                output
 *(COMMON)
                0x20402434                . = ALIGN (0x4)
                0x20402434                _ebss = .
                0x20402434                _ezero = .

.stack          0x20402434      0x404 load address 0x00402970
                0x20402438                . = ALIGN (0x8)
 *fill*         0x20402434        0x4 
                0x20402438                _sstack = .
                0x20402838                . = (. + STACK_SIZE)
 *fill*         0x20402438      0x400 
                0x20402838                . = ALIGN (0x8)
                0x20402838                _estack = .

.heap           0x20402838      0x200 load address 0x00402d74
                0x20402838                . = ALIGN (0x8)
                0x20402838                _sheap = .
                0x20402a38                . = (. + HEAP_SIZE)
 *fill*         0x20402838      0x200 
                0x20402a38                . = ALIGN (0x8)
                0x20402a38                _eheap = .
                0x20402a38                . = ALIGN (0x4)
                0x20402a38                _end = .
                0x2045ffff                _ram_end_ = ((ORIGIN (ram) + 0x60000) - 0x1)
OUTPUT(Test_no_ASF.elf elf32-littlearm)

.ARM.attributes
                0x00000000       0x2f
 .ARM.attributes
                0x00000000       0x23 c:/program files (x86)/atmel/studio/7.0/toolchain/arm/arm-gnu-toolchain/bin/../lib/gcc/arm-none-eabi/4.9.3/cortex-m7/crti.o
 .ARM.attributes
                0x00000023       0x33 c:/program files (x86)/atmel/studio/7.0/toolchain/arm/arm-gnu-toolchain/bin/../lib/gcc/arm-none-eabi/4.9.3/cortex-m7/crtbegin.o
 .ARM.attributes
                0x00000056       0x33 Device_Startup/startup_same70.o
 .ARM.attributes
                0x00000089       0x33 Device_Startup/system_same70.o
 .ARM.attributes
                0x000000bc       0x33 main.o
 .ARM.attributes
                0x000000ef       0x33 c:/program files (x86)/atmel/studio/7.0/toolchain/arm/arm-gnu-toolchain/bin/../lib/gcc/arm-none-eabi/4.9.3/../../../../arm-none-eabi/lib/cortex-m7\libc.a(lib_a-impure.o)
 .ARM.attributes
                0x00000122       0x33 c:/program files (x86)/atmel/studio/7.0/toolchain/arm/arm-gnu-toolchain/bin/../lib/gcc/arm-none-eabi/4.9.3/../../../../arm-none-eabi/lib/cortex-m7\libc.a(lib_a-init.o)
 .ARM.attributes
                0x00000155       0x33 c:/program files (x86)/atmel/studio/7.0/toolchain/arm/arm-gnu-toolchain/bin/../lib/gcc/arm-none-eabi/4.9.3/../../../../arm-none-eabi/lib/cortex-m7\libc.a(lib_a-__call_atexit.o)
 .ARM.attributes
                0x00000188       0x33 c:/program files (x86)/atmel/studio/7.0/toolchain/arm/arm-gnu-toolchain/bin/../lib/gcc/arm-none-eabi/4.9.3/../../../../arm-none-eabi/lib/cortex-m7\libc.a(lib_a-atexit.o)
 .ARM.attributes
                0x000001bb       0x33 c:/program files (x86)/atmel/studio/7.0/toolchain/arm/arm-gnu-toolchain/bin/../lib/gcc/arm-none-eabi/4.9.3/../../../../arm-none-eabi/lib/cortex-m7\libc.a(lib_a-fini.o)
 .ARM.attributes
                0x000001ee       0x33 c:/program files (x86)/atmel/studio/7.0/toolchain/arm/arm-gnu-toolchain/bin/../lib/gcc/arm-none-eabi/4.9.3/../../../../arm-none-eabi/lib/cortex-m7\libc.a(lib_a-__atexit.o)
 .ARM.attributes
                0x00000221       0x23 c:/program files (x86)/atmel/studio/7.0/toolchain/arm/arm-gnu-toolchain/bin/../lib/gcc/arm-none-eabi/4.9.3/cortex-m7/crtn.o

.comment        0x00000000       0x5b
 .comment       0x00000000       0x5b Device_Startup/startup_same70.o
                                 0x5c (size before relaxing)
 .comment       0x00000000       0x5c Device_Startup/system_same70.o
 .comment       0x00000000       0x5c main.o

.debug_info     0x00000000     0x11b0
 .debug_info    0x00000000      0xa1d Device_Startup/startup_same70.o
 .debug_info    0x00000a1d      0x555 Device_Startup/system_same70.o
 .debug_info    0x00000f72      0x23e main.o

.debug_abbrev   0x00000000      0x341
 .debug_abbrev  0x00000000      0x13f Device_Startup/startup_same70.o
 .debug_abbrev  0x0000013f       0xf5 Device_Startup/system_same70.o
 .debug_abbrev  0x00000234      0x10d main.o

.debug_loc      0x00000000      0x22c
 .debug_loc     0x00000000       0x5e Device_Startup/startup_same70.o
 .debug_loc     0x0000005e      0x1ce main.o

.debug_aranges  0x00000000       0x80
 .debug_aranges
                0x00000000       0x28 Device_Startup/startup_same70.o
 .debug_aranges
                0x00000028       0x30 Device_Startup/system_same70.o
 .debug_aranges
                0x00000058       0x28 main.o

.debug_ranges   0x00000000       0x50
 .debug_ranges  0x00000000       0x18 Device_Startup/startup_same70.o
 .debug_ranges  0x00000018       0x20 Device_Startup/system_same70.o
 .debug_ranges  0x00000038       0x18 main.o

.debug_macro    0x00000000    0x15df3
 .debug_macro   0x00000000      0x434 Device_Startup/startup_same70.o
 .debug_macro   0x00000434      0x880 Device_Startup/startup_same70.o
 .debug_macro   0x00000cb4       0x22 Device_Startup/startup_same70.o
 .debug_macro   0x00000cd6       0x44 Device_Startup/startup_same70.o
 .debug_macro   0x00000d1a       0x58 Device_Startup/startup_same70.o
 .debug_macro   0x00000d72       0x22 Device_Startup/startup_same70.o
 .debug_macro   0x00000d94      0x1df Device_Startup/startup_same70.o
 .debug_macro   0x00000f73       0x4a Device_Startup/startup_same70.o
 .debug_macro   0x00000fbd       0x3b Device_Startup/startup_same70.o
 .debug_macro   0x00000ff8       0x2d Device_Startup/startup_same70.o
 .debug_macro   0x00001025       0x26 Device_Startup/startup_same70.o
 .debug_macro   0x0000104b      0xf9a Device_Startup/startup_same70.o
 .debug_macro   0x00001fe5      0x16c Device_Startup/startup_same70.o
 .debug_macro   0x00002151      0x2cc Device_Startup/startup_same70.o
 .debug_macro   0x0000241d      0xa00 Device_Startup/startup_same70.o
 .debug_macro   0x00002e1d      0x1b4 Device_Startup/startup_same70.o
 .debug_macro   0x00002fd1      0x2aa Device_Startup/startup_same70.o
 .debug_macro   0x0000327b      0x142 Device_Startup/startup_same70.o
 .debug_macro   0x000033bd     0x1851 Device_Startup/startup_same70.o
 .debug_macro   0x00004c0e       0x1c Device_Startup/startup_same70.o
 .debug_macro   0x00004c2a      0x67f Device_Startup/startup_same70.o
 .debug_macro   0x000052a9      0x310 Device_Startup/startup_same70.o
 .debug_macro   0x000055b9      0x4c7 Device_Startup/startup_same70.o
 .debug_macro   0x00005a80      0x560 Device_Startup/startup_same70.o
 .debug_macro   0x00005fe0     0x1324 Device_Startup/startup_same70.o
 .debug_macro   0x00007304     0x2a1e Device_Startup/startup_same70.o
 .debug_macro   0x00009d22     0x101e Device_Startup/startup_same70.o
 .debug_macro   0x0000ad40      0xcba Device_Startup/startup_same70.o
 .debug_macro   0x0000b9fa      0x374 Device_Startup/startup_same70.o
 .debug_macro   0x0000bd6e       0xa0 Device_Startup/startup_same70.o
 .debug_macro   0x0000be0e       0x76 Device_Startup/startup_same70.o
 .debug_macro   0x0000be84      0x420 Device_Startup/startup_same70.o
 .debug_macro   0x0000c2a4       0x64 Device_Startup/startup_same70.o
 .debug_macro   0x0000c308      0x276 Device_Startup/startup_same70.o
 .debug_macro   0x0000c57e      0x1c4 Device_Startup/startup_same70.o
 .debug_macro   0x0000c742      0x23b Device_Startup/startup_same70.o
 .debug_macro   0x0000c97d      0x516 Device_Startup/startup_same70.o
 .debug_macro   0x0000ce93      0x62d Device_Startup/startup_same70.o
 .debug_macro   0x0000d4c0      0x6a9 Device_Startup/startup_same70.o
 .debug_macro   0x0000db69       0x4c Device_Startup/startup_same70.o
 .debug_macro   0x0000dbb5      0x45a Device_Startup/startup_same70.o
 .debug_macro   0x0000e00f      0x1fb Device_Startup/startup_same70.o
 .debug_macro   0x0000e20a      0x9d5 Device_Startup/startup_same70.o
 .debug_macro   0x0000ebdf     0x1401 Device_Startup/startup_same70.o
 .debug_macro   0x0000ffe0       0x40 Device_Startup/startup_same70.o
 .debug_macro   0x00010020       0x76 Device_Startup/startup_same70.o
 .debug_macro   0x00010096      0xd8b Device_Startup/startup_same70.o
 .debug_macro   0x00010e21       0x82 Device_Startup/startup_same70.o
 .debug_macro   0x00010ea3       0x76 Device_Startup/startup_same70.o
 .debug_macro   0x00010f19       0x4c Device_Startup/startup_same70.o
 .debug_macro   0x00010f65      0x126 Device_Startup/startup_same70.o
 .debug_macro   0x0001108b      0x126 Device_Startup/startup_same70.o
 .debug_macro   0x000111b1      0x126 Device_Startup/startup_same70.o
 .debug_macro   0x000112d7       0x6a Device_Startup/startup_same70.o
 .debug_macro   0x00011341       0x6a Device_Startup/startup_same70.o
 .debug_macro   0x000113ab      0x2f7 Device_Startup/startup_same70.o
 .debug_macro   0x000116a2       0xc4 Device_Startup/startup_same70.o
 .debug_macro   0x00011766       0xc4 Device_Startup/startup_same70.o
 .debug_macro   0x0001182a       0xc4 Device_Startup/startup_same70.o
 .debug_macro   0x000118ee      0x112 Device_Startup/startup_same70.o
 .debug_macro   0x00011a00      0x112 Device_Startup/startup_same70.o
 .debug_macro   0x00011b12      0x2b1 Device_Startup/startup_same70.o
 .debug_macro   0x00011dc3       0xb8 Device_Startup/startup_same70.o
 .debug_macro   0x00011e7b       0x5e Device_Startup/startup_same70.o
 .debug_macro   0x00011ed9       0x40 Device_Startup/startup_same70.o
 .debug_macro   0x00011f19       0x4c Device_Startup/startup_same70.o
 .debug_macro   0x00011f65       0xa0 Device_Startup/startup_same70.o
 .debug_macro   0x00012005      0x494 Device_Startup/startup_same70.o
 .debug_macro   0x00012499      0x126 Device_Startup/startup_same70.o
 .debug_macro   0x000125bf       0x4c Device_Startup/startup_same70.o
 .debug_macro   0x0001260b      0x2f7 Device_Startup/startup_same70.o
 .debug_macro   0x00012902       0x6a Device_Startup/startup_same70.o
 .debug_macro   0x0001296c       0xb8 Device_Startup/startup_same70.o
 .debug_macro   0x00012a24       0x6a Device_Startup/startup_same70.o
 .debug_macro   0x00012a8e       0x2e Device_Startup/startup_same70.o
 .debug_macro   0x00012abc      0x9b1 Device_Startup/startup_same70.o
 .debug_macro   0x0001346d       0x6a Device_Startup/startup_same70.o
 .debug_macro   0x000134d7       0x88 Device_Startup/startup_same70.o
 .debug_macro   0x0001355f       0x58 Device_Startup/startup_same70.o
 .debug_macro   0x000135b7       0xe2 Device_Startup/startup_same70.o
 .debug_macro   0x00013699       0x16 Device_Startup/startup_same70.o
 .debug_macro   0x000136af       0xe8 Device_Startup/startup_same70.o
 .debug_macro   0x00013797       0x4c Device_Startup/startup_same70.o
 .debug_macro   0x000137e3       0x16 Device_Startup/startup_same70.o
 .debug_macro   0x000137f9       0x4c Device_Startup/startup_same70.o
 .debug_macro   0x00013845       0x28 Device_Startup/startup_same70.o
 .debug_macro   0x0001386d      0x15e Device_Startup/startup_same70.o
 .debug_macro   0x000139cb      0x15e Device_Startup/startup_same70.o
 .debug_macro   0x00013b29      0x15e Device_Startup/startup_same70.o
 .debug_macro   0x00013c87      0x15e Device_Startup/startup_same70.o
 .debug_macro   0x00013de5      0x15e Device_Startup/startup_same70.o
 .debug_macro   0x00013f43       0x1c Device_Startup/startup_same70.o
 .debug_macro   0x00013f5f       0x2e Device_Startup/startup_same70.o
 .debug_macro   0x00013f8d       0x22 Device_Startup/startup_same70.o
 .debug_macro   0x00013faf       0x1c Device_Startup/startup_same70.o
 .debug_macro   0x00013fcb       0x58 Device_Startup/startup_same70.o
 .debug_macro   0x00014023       0x10 Device_Startup/startup_same70.o
 .debug_macro   0x00014033       0x1c Device_Startup/startup_same70.o
 .debug_macro   0x0001404f       0x4c Device_Startup/startup_same70.o
 .debug_macro   0x0001409b       0x4c Device_Startup/startup_same70.o
 .debug_macro   0x000140e7       0x4c Device_Startup/startup_same70.o
 .debug_macro   0x00014133      0x31b Device_Startup/startup_same70.o
 .debug_macro   0x0001444e     0x1013 Device_Startup/startup_same70.o
 .debug_macro   0x00015461      0x100 Device_Startup/startup_same70.o
 .debug_macro   0x00015561      0x446 Device_Startup/system_same70.o
 .debug_macro   0x000159a7      0x44c main.o

.debug_line     0x00000000     0x1851
 .debug_line    0x00000000      0x802 Device_Startup/startup_same70.o
 .debug_line    0x00000802      0x855 Device_Startup/system_same70.o
 .debug_line    0x00001057      0x7fa main.o

.debug_str      0x00000000    0x722c2
 .debug_str     0x00000000    0x71e46 Device_Startup/startup_same70.o
                              0x72315 (size before relaxing)
 .debug_str     0x00071e46      0x385 Device_Startup/system_same70.o
                              0x71f69 (size before relaxing)
 .debug_str     0x000721cb       0xf7 main.o
                              0x71ce3 (size before relaxing)

.debug_frame    0x00000000      0x1d4
 .debug_frame   0x00000000       0x38 Device_Startup/startup_same70.o
 .debug_frame   0x00000038       0x40 Device_Startup/system_same70.o
 .debug_frame   0x00000078       0x58 main.o
 .debug_frame   0x000000d0       0x2c c:/program files (x86)/atmel/studio/7.0/toolchain/arm/arm-gnu-toolchain/bin/../lib/gcc/arm-none-eabi/4.9.3/../../../../arm-none-eabi/lib/cortex-m7\libc.a(lib_a-init.o)
 .debug_frame   0x000000fc       0x50 c:/program files (x86)/atmel/studio/7.0/toolchain/arm/arm-gnu-toolchain/bin/../lib/gcc/arm-none-eabi/4.9.3/../../../../arm-none-eabi/lib/cortex-m7\libc.a(lib_a-__call_atexit.o)
 .debug_frame   0x0000014c       0x20 c:/program files (x86)/atmel/studio/7.0/toolchain/arm/arm-gnu-toolchain/bin/../lib/gcc/arm-none-eabi/4.9.3/../../../../arm-none-eabi/lib/cortex-m7\libc.a(lib_a-atexit.o)
 .debug_frame   0x0000016c       0x34 c:/program files (x86)/atmel/studio/7.0/toolchain/arm/arm-gnu-toolchain/bin/../lib/gcc/arm-none-eabi/4.9.3/../../../../arm-none-eabi/lib/cortex-m7\libc.a(lib_a-fini.o)
 .debug_frame   0x000001a0       0x34 c:/program files (x86)/atmel/studio/7.0/toolchain/arm/arm-gnu-toolchain/bin/../lib/gcc/arm-none-eabi/4.9.3/../../../../arm-none-eabi/lib/cortex-m7\libc.a(lib_a-__atexit.o)
